#
# There is insufficient memory for the Java Runtime Environment to continue.
# Native memory allocation (mmap) failed to map 536870912 bytes. Error detail: G1 virtual space
# Possible reasons:
#   The system is out of physical RAM or swap space
#   This process is running with CompressedOops enabled, and the Java Heap may be blocking the growth of the native heap
# Possible solutions:
#   Reduce memory load on the system
#   Increase physical memory or swap space
#   Check if swap backing store is full
#   Decrease Java heap size (-Xmx/-Xms)
#   Decrease number of Java threads
#   Decrease Java thread stack sizes (-Xss)
#   Set larger code cache with -XX:ReservedCodeCacheSize=
#   JVM is running with Zero Based Compressed Oops mode in which the Java heap is
#     placed in the first 32GB address space. The Java Heap base address is the
#     maximum limit for the native heap growth. Please use -XX:HeapBaseMinAddress
#     to set the Java Heap base and to place the Java Heap above 32GB virtual address.
# This output file may be truncated or incomplete.
#
#  Out of Memory Error (os_windows.cpp:3828), pid=39492, tid=36856
#
# JRE version:  (21.0.5+8) (build )
# Java VM: OpenJDK 64-Bit Server VM (21.0.5+8-b631.28, mixed mode, sharing, tiered, compressed oops, compressed class ptrs, g1 gc, windows-amd64)
# No core dump will be written. Minidumps are not enabled by default on client versions of Windows
#

---------------  S U M M A R Y ------------

Command Line: git4idea.http.GitAskPassApp Username for 'https://github.com': 

Host: AMD Ryzen 5 5600X 6-Core Processor             , 12 cores, 31G,  Windows 11 , 64 bit Build 26100 (10.0.26100.4202)
Time: Mon Jul  7 02:33:18 2025  Windows 11 , 64 bit Build 26100 (10.0.26100.4202) elapsed time: 0.019980 seconds (0d 0h 0m 0s)

---------------  T H R E A D  ---------------

Current thread (0x00000237eb70f8e0):  JavaThread "Unknown thread" [_thread_in_vm, id=36856, stack(0x000000a7e8900000,0x000000a7e8a00000) (1024K)]

Stack: [0x000000a7e8900000,0x000000a7e8a00000]
Native frames: (J=compiled Java code, j=interpreted, Vv=VM code, C=native code)
V  [jvm.dll+0x6e52b9]
V  [jvm.dll+0x8c3633]
V  [jvm.dll+0x8c5b8e]
V  [jvm.dll+0x8c6273]
V  [jvm.dll+0x288f46]
V  [jvm.dll+0x6e1a35]
V  [jvm.dll+0x6d5e3a]
V  [jvm.dll+0x3634bb]
V  [jvm.dll+0x36b086]
V  [jvm.dll+0x3bd346]
V  [jvm.dll+0x3bd618]
V  [jvm.dll+0x335c2c]
V  [jvm.dll+0x33691b]
V  [jvm.dll+0x88aa89]
V  [jvm.dll+0x3ca518]
V  [jvm.dll+0x873b98]
V  [jvm.dll+0x45eede]
V  [jvm.dll+0x460bc1]
C  [jli.dll+0x52ab]
C  [ucrtbase.dll+0x37b0]
C  [KERNEL32.DLL+0x2e8d7]
C  [ntdll.dll+0x3c34c]


---------------  P R O C E S S  ---------------

Threads class SMR info:
_java_thread_list=0x00007ffe5138a148, length=0, elements={
}

Java Threads: ( => current thread )
Total: 0

Other Threads:
  0x00000237eb7b4700 WorkerThread "GC Thread#0"                     [id=46040, stack(0x000000a7e8a00000,0x000000a7e8b00000) (1024K)]
  0x00000237eb7c63f0 ConcurrentGCThread "G1 Main Marker"            [id=3196, stack(0x000000a7e8b00000,0x000000a7e8c00000) (1024K)]
  0x00000237eb7c7690 WorkerThread "G1 Conc#0"                       [id=23136, stack(0x000000a7e8c00000,0x000000a7e8d00000) (1024K)]

[error occurred during error reporting (printing all threads), id 0xc0000005, EXCEPTION_ACCESS_VIOLATION (0xc0000005) at pc=0x00007ffe50a78ce7]
VM state: not at safepoint (not fully initialized)

VM Mutex/Monitor currently owned by a thread:  ([mutex/lock_event])
[0x00007ffe513feb30] Heap_lock - owner thread: 0x00000237eb70f8e0

Heap address: 0x0000000601000000, size: 8176 MB, Compressed Oops mode: Zero based, Oop shift amount: 3

CDS archive(s) mapped at: [0x0000000000000000-0x0000000000000000-0x0000000000000000), size 0, SharedBaseAddress: 0x0000000800000000, ArchiveRelocationMode: 1.
Narrow klass base: 0x0000000000000000, Narrow klass shift: 0, Narrow klass range: 0x0

GC Precious Log:
 CardTable entry size: 512
 Card Set container configuration: InlinePtr #cards 4 size 8 Array Of Cards #cards 32 size 80 Howl #buckets 8 coarsen threshold 7372 Howl Bitmap #cards 1024 size 144 coarsen threshold 921 Card regions per heap region 1 cards per card region 8192

Heap:
 garbage-first heap   total 0K, used 0K [0x0000000601000000, 0x0000000800000000)
  region size 4096K, 0 young (0K), 0 survivors (0K)
 Metaspace       used 0K, committed 0K, reserved 0K
  class space    used 0K, committed 0K, reserved 0K

Heap Regions: E=young(eden), S=young(survivor), O=old, HS=humongous(starts), HC=humongous(continues), CS=collection set, F=free, TAMS=top-at-mark-start, PB=parsable bottom

Card table byte_map: [0x0000023780000000,0x0000023781000000] _byte_map_base: 0x000002377cff8000

Marking Bits: (CMBitMap*) 0x00000237eb7b4d10
 Bits: [0x0000023781000000, 0x0000023788fc0000)

GC Heap History (0 events):
No events

Dll operation events (1 events):
Event: 0.015 Loaded shared library C:\Program Files\JetBrains\IntelliJ IDEA 2024.3.1\jbr\bin\java.dll

Deoptimization events (0 events):
No events

Classes loaded (0 events):
No events

Classes unloaded (0 events):
No events

Classes redefined (0 events):
No events

Internal exceptions (0 events):
No events

ZGC Phase Switch (0 events):
No events

VM Operations (0 events):
No events

Memory protections (0 events):
No events

Nmethod flushes (0 events):
No events

Events (0 events):
No events


Dynamic libraries:
0x00007ff7b73a0000 - 0x00007ff7b73aa000 	C:\Program Files\JetBrains\IntelliJ IDEA 2024.3.1\jbr\bin\java.exe
0x00007fff5b5e0000 - 0x00007fff5b845000 	C:\WINDOWS\SYSTEM32\ntdll.dll
0x00007fff59e70000 - 0x00007fff59f39000 	C:\WINDOWS\System32\KERNEL32.DLL
0x00007fff58b60000 - 0x00007fff58f48000 	C:\WINDOWS\System32\KERNELBASE.dll
0x00007fff59100000 - 0x00007fff5924b000 	C:\WINDOWS\System32\ucrtbase.dll
0x00007fff264d0000 - 0x00007fff264e8000 	C:\Program Files\JetBrains\IntelliJ IDEA 2024.3.1\jbr\bin\jli.dll
0x00007fff16e40000 - 0x00007fff16e5b000 	C:\Program Files\JetBrains\IntelliJ IDEA 2024.3.1\jbr\bin\VCRUNTIME140.dll
0x00007fff5ad00000 - 0x00007fff5aeca000 	C:\WINDOWS\System32\USER32.dll
0x00007fff58f50000 - 0x00007fff58f77000 	C:\WINDOWS\System32\win32u.dll
0x00007fff597b0000 - 0x00007fff597db000 	C:\WINDOWS\System32\GDI32.dll
0x00007fff3d520000 - 0x00007fff3d7ba000 	C:\WINDOWS\WinSxS\amd64_microsoft.windows.common-controls_6595b64144ccf1df_6.0.26100.4202_none_3e0698d4e335f517\COMCTL32.dll
0x00007fff58960000 - 0x00007fff58a97000 	C:\WINDOWS\System32\gdi32full.dll
0x00007fff59cc0000 - 0x00007fff59d69000 	C:\WINDOWS\System32\msvcrt.dll
0x00007fff588b0000 - 0x00007fff58953000 	C:\WINDOWS\System32\msvcp_win.dll
0x00007fff5a480000 - 0x00007fff5a4b0000 	C:\WINDOWS\System32\IMM32.DLL
0x00007fff41680000 - 0x00007fff4168c000 	C:\Program Files\JetBrains\IntelliJ IDEA 2024.3.1\jbr\bin\vcruntime140_1.dll
0x00007fff05880000 - 0x00007fff0590d000 	C:\Program Files\JetBrains\IntelliJ IDEA 2024.3.1\jbr\bin\msvcp140.dll
0x00007ffe50730000 - 0x00007ffe514f1000 	C:\Program Files\JetBrains\IntelliJ IDEA 2024.3.1\jbr\bin\server\jvm.dll
0x00007fff59a80000 - 0x00007fff59b33000 	C:\WINDOWS\System32\ADVAPI32.dll
0x00007fff599d0000 - 0x00007fff59a76000 	C:\WINDOWS\System32\sechost.dll
0x00007fff5b3d0000 - 0x00007fff5b4e5000 	C:\WINDOWS\System32\RPCRT4.dll
0x00007fff5ac80000 - 0x00007fff5acf4000 	C:\WINDOWS\System32\WS2_32.dll
0x00007fff4d870000 - 0x00007fff4d8a5000 	C:\WINDOWS\SYSTEM32\WINMM.dll
0x00007fff51fa0000 - 0x00007fff51fab000 	C:\WINDOWS\SYSTEM32\VERSION.dll
0x00007fff57f10000 - 0x00007fff57f6e000 	C:\WINDOWS\SYSTEM32\POWRPROF.dll
0x00007fff57ed0000 - 0x00007fff57ee4000 	C:\WINDOWS\SYSTEM32\UMPDC.dll
0x00007fff574b0000 - 0x00007fff574cb000 	C:\WINDOWS\SYSTEM32\kernel.appcore.dll
0x00007fff3d4e0000 - 0x00007fff3d4ea000 	C:\Program Files\JetBrains\IntelliJ IDEA 2024.3.1\jbr\bin\jimage.dll
0x00007fff55600000 - 0x00007fff55841000 	C:\WINDOWS\SYSTEM32\DBGHELP.DLL
0x00007fff5a0f0000 - 0x00007fff5a475000 	C:\WINDOWS\System32\combase.dll
0x00007fff598e0000 - 0x00007fff599c1000 	C:\WINDOWS\System32\OLEAUT32.dll
0x00007fff411d0000 - 0x00007fff41209000 	C:\WINDOWS\SYSTEM32\dbgcore.DLL
0x00007fff592e0000 - 0x00007fff59379000 	C:\WINDOWS\System32\bcryptPrimitives.dll
0x00007fff0e030000 - 0x00007fff0e050000 	C:\Program Files\JetBrains\IntelliJ IDEA 2024.3.1\jbr\bin\java.dll

dbghelp: loaded successfully - version: 4.0.5 - missing functions: none
symbol engine: initialized successfully - sym options: 0x614 - pdb path: .;C:\Program Files\JetBrains\IntelliJ IDEA 2024.3.1\jbr\bin;C:\WINDOWS\SYSTEM32;C:\WINDOWS\WinSxS\amd64_microsoft.windows.common-controls_6595b64144ccf1df_6.0.26100.4202_none_3e0698d4e335f517;C:\Program Files\JetBrains\IntelliJ IDEA 2024.3.1\jbr\bin\server

VM Arguments:
java_command: git4idea.http.GitAskPassApp Username for 'https://github.com': 
java_class_path (initial): C:/Program Files/JetBrains/IntelliJ IDEA 2024.3.1/plugins/vcs-git/lib/git4idea-rt.jar;C:/Program Files/JetBrains/IntelliJ IDEA 2024.3.1/lib/externalProcess-rt.jar
Launcher Type: SUN_STANDARD

[Global flags]
     intx CICompilerCount                          = 4                                         {product} {ergonomic}
     uint ConcGCThreads                            = 3                                         {product} {ergonomic}
     uint G1ConcRefinementThreads                  = 10                                        {product} {ergonomic}
   size_t G1HeapRegionSize                         = 4194304                                   {product} {ergonomic}
    uintx GCDrainStackTargetSize                   = 64                                        {product} {ergonomic}
   size_t InitialHeapSize                          = 536870912                                 {product} {ergonomic}
   size_t MarkStackSize                            = 4194304                                   {product} {ergonomic}
   size_t MaxHeapSize                              = 8573157376                                {product} {ergonomic}
   size_t MinHeapDeltaBytes                        = 4194304                                   {product} {ergonomic}
   size_t MinHeapSize                              = 8388608                                   {product} {ergonomic}
    uintx NonNMethodCodeHeapSize                   = 5839372                                {pd product} {ergonomic}
    uintx NonProfiledCodeHeapSize                  = 122909434                              {pd product} {ergonomic}
    uintx ProfiledCodeHeapSize                     = 122909434                              {pd product} {ergonomic}
    uintx ReservedCodeCacheSize                    = 251658240                              {pd product} {ergonomic}
     bool SegmentedCodeCache                       = true                                      {product} {ergonomic}
   size_t SoftMaxHeapSize                          = 8573157376                             {manageable} {ergonomic}
     bool UseCompressedOops                        = true                           {product lp64_product} {ergonomic}
     bool UseG1GC                                  = true                                      {product} {ergonomic}
     bool UseLargePagesIndividualAllocation        = false                                  {pd product} {ergonomic}

Logging:
Log output configuration:
 #0: stdout all=warning uptime,level,tags foldmultilines=false
 #1: stderr all=off uptime,level,tags foldmultilines=false

Environment Variables:
JAVA_HOME=C:\Scoop\apps\temurin8-jdk\current
PATH=C:\Program Files\Git\mingw64\libexec\git-core;C:\Program Files\Git\mingw64\libexec\git-core;C:\Program Files\Git\mingw64\bin;C:\Program Files\Git\usr\bin;C:\Users\Xetia\bin;C:\Users\Xetia\AppData\Local\Programs\cursor\resources\app\bin;C:\Program Files\Google\Chrome\Application;C:\Program Files\Java\jdk-17\bin;C:\app\Xetia\product\21c\dbhomeXE\bin;C:\Program Files\Java\jdk-11.0.9\bin;C:\Program Files (x86)\NAT Service;C:\Program Files\Common Files\Oracle\Java\javapath;C:\WINDOWS\system32;C:\WINDOWS;C:\WINDOWS\System32\Wbem;C:\WINDOWS\System32\WindowsPowerShell\v1.0;C:\WINDOWS\System32\OpenSSH;C:\Program Files (x86)\NVIDIA Corporation\PhysX\Common;C:\Program Files\dotnet;C:\Program Files\Microsoft SQL Server\150\Tools\Binn;C:\Program Files\Microsoft SQL Server\Client SDK\ODBC\170\Tools\Binn;C:\Program Files (x86)\Windows Kits\10\Windows Performance Toolkit;C:\Users\Xetia\AppData\Local\Android\Sdk\platform-tools;C:\Program Files\Bandizip;C:\Program Files\Docker\Docker\resources\bin;C:\Program Files\Git\cmd;C:\Users\Xetia\Downloads\nginx-1.24.0;C:\Program Files\NVIDIA Corporation\NVIDIA app\NvDLISR;C:\Program Files\nodejs;C:\Scoop\apps\temurin8-jdk\current\bin;C:\Scoop\shi;C:\Scoop\apps\temurin8-jdk\current\bin;C:\Scoop\shims;C:\Users\Xetia\AppData\Local\Programs\Python\Python312\Scripts;C:\Users\Xetia\AppData\Local\Programs\Python\Python312;C:\Users\Xetia\AppData\Local\Programs\Python\Launcher;C:\Users\Xetia\AppData\Local\Microsoft\WindowsApps;C:\Users\Xetia\AppData\Local\Programs\Microsoft VS Code\bin;C:\Users\Xetia\AppData\Local\GitHubDesktop\bin;C:\Users\Xetia\.dotnet\tools;C:\Program Files\JetBrains\WebStorm 2024.2.3\bin;C:\Program Files\JetBrains\PyCharm 2024.2.3\bin;C:\Program Files\JetBrains\IntelliJ IDEA 2025.1.1.1\bin;C:\Users\Xetia\AppData\Roaming\npm;C:\Program Files\JetBrains\PyCharm Community Edition 2024.3.5\bin;C:\Users\Xetia\AppData\Local\Programs\cursor\resources\app\bin
USERNAME=Xetia
DISPLAY=:0.0
LC_ALL=en_US.UTF-8
TERM=xterm-256color
TMPDIR=C:\Users\Xetia\AppData\Local\Temp
OS=Windows_NT
PROCESSOR_IDENTIFIER=AMD64 Family 25 Model 33 Stepping 2, AuthenticAMD
TMP=C:\Users\Xetia\AppData\Local\Temp
TEMP=C:\Users\Xetia\AppData\Local\Temp




Periodic native trim disabled

JNI global refs:
JNI global refs: 0, weak refs: 0

JNI global refs memory usage: 0, weak refs: 0

Process memory usage:
Resident Set Size: 13776K (0% of 33475984K total physical memory with 1031584K free physical memory)

OOME stack traces (most recent first):
Classloader memory used:

---------------  S Y S T E M  ---------------

OS:
 Windows 11 , 64 bit Build 26100 (10.0.26100.4202)
OS uptime: 3 days 16:36 hours
Hyper-V role detected

CPU: total 12 (initial active 12) (12 cores per cpu, 2 threads per core) family 25 model 33 stepping 2 microcode 0xa20120e, cx8, cmov, fxsr, ht, mmx, 3dnowpref, sse, sse2, sse3, ssse3, sse4a, sse4.1, sse4.2, popcnt, lzcnt, tsc, tscinvbit, avx, avx2, aes, clmul, bmi1, bmi2, adx, sha, fma, vzeroupper, clflush, clflushopt, hv, rdtscp, rdpid, f16c, cet_ss
Processor Information for all 12 processors :
  Max Mhz: 3701, Current Mhz: 3701, Mhz Limit: 3701

Memory: 4k page, system-wide physical 32691M (1007M free)
TotalPageFile size 62392M (AvailPageFile size 200M)
current process WorkingSet (physical memory assigned to process): 13M, peak: 13M
current process commit charge ("private bytes"): 64M, peak: 576M

vm_info: OpenJDK 64-Bit Server VM (21.0.5+8-b631.28) for windows-amd64 JRE (21.0.5+8-b631.28), built on 2024-11-23 by "builduser" with MS VC++ 16.10 / 16.11 (VS2019)

END.
