#
# There is insufficient memory for the Java Runtime Environment to continue.
# Native memory allocation (malloc) failed to allocate 1296896 bytes. Error detail: Chunk::new
# Possible reasons:
#   The system is out of physical RAM or swap space
#   This process is running with CompressedOops enabled, and the Java Heap may be blocking the growth of the native heap
# Possible solutions:
#   Reduce memory load on the system
#   Increase physical memory or swap space
#   Check if swap backing store is full
#   Decrease Java heap size (-Xmx/-Xms)
#   Decrease number of Java threads
#   Decrease Java thread stack sizes (-Xss)
#   Set larger code cache with -XX:ReservedCodeCacheSize=
#   JVM is running with Zero Based Compressed Oops mode in which the Java heap is
#     placed in the first 32GB address space. The Java Heap base address is the
#     maximum limit for the native heap growth. Please use -XX:HeapBaseMinAddress
#     to set the Java Heap base and to place the Java Heap above 32GB virtual address.
# This output file may be truncated or incomplete.
#
#  Out of Memory Error (arena.cpp:168), pid=16796, tid=12696
#
# JRE version: OpenJDK Runtime Environment JBR-21.0.5+8-631.28-jcef (21.0.5+8) (build 21.0.5+8-b631.28)
# Java VM: OpenJDK 64-Bit Server VM JBR-21.0.5+8-631.28-jcef (21.0.5+8-b631.28, mixed mode, sharing, tiered, compressed oops, compressed class ptrs, g1 gc, windows-amd64)
# No core dump will be written. Minidumps are not enabled by default on client versions of Windows
#

---------------  S U M M A R Y ------------

Command Line: git4idea.http.GitAskPassApp Username for 'https://github.com': 

Host: AMD Ryzen 5 5600X 6-Core Processor             , 12 cores, 31G,  Windows 11 , 64 bit Build 26100 (10.0.26100.4202)
Time: Sun Jul  6 20:25:24 2025  Windows 11 , 64 bit Build 26100 (10.0.26100.4202) elapsed time: 2.538422 seconds (0d 0h 0m 2s)

---------------  T H R E A D  ---------------

Current thread (0x000002756a23e320):  JavaThread "C2 CompilerThread2" daemon [_thread_in_native, id=12696, stack(0x000000d3a7f00000,0x000000d3a8000000) (1024K)]


Current CompileTask:
C2:2538 1094       4       sun.security.ec.ECOperations::setDouble (463 bytes)

Stack: [0x000000d3a7f00000,0x000000d3a8000000]
Native frames: (J=compiled Java code, j=interpreted, Vv=VM code, C=native code)
V  [jvm.dll+0x6e52b9]
V  [jvm.dll+0x8c3633]
V  [jvm.dll+0x8c5b8e]
V  [jvm.dll+0x8c6273]
V  [jvm.dll+0x288f46]
V  [jvm.dll+0xc66dd]
V  [jvm.dll+0xc6c13]
V  [jvm.dll+0x2feb50]
V  [jvm.dll+0x60c609]
V  [jvm.dll+0x2598a2]
V  [jvm.dll+0x259c5f]
V  [jvm.dll+0x252415]
V  [jvm.dll+0x24fc6e]
V  [jvm.dll+0x1cd6a4]
V  [jvm.dll+0x25f5dc]
V  [jvm.dll+0x25db26]
V  [jvm.dll+0x3ff5e6]
V  [jvm.dll+0x86b248]
V  [jvm.dll+0x6e3abd]
C  [ucrtbase.dll+0x37b0]
C  [KERNEL32.DLL+0x2e8d7]
C  [ntdll.dll+0x3c34c]


---------------  P R O C E S S  ---------------

Threads class SMR info:
_java_thread_list=0x000002756a142190, length=16, elements={
0x00000275431911a0, 0x0000027565683c50, 0x00000275656875d0, 0x000002756568a5a0,
0x000002756568d360, 0x000002756568f480, 0x0000027565694af0, 0x00000275656a1440,
0x00000275656a4570, 0x00000275657ecba0, 0x00000275657edf50, 0x000002756a0bfe50,
0x00000275657eec70, 0x00000275657ed230, 0x00000275657ec510, 0x000002756a23e320
}

Java Threads: ( => current thread )
  0x00000275431911a0 JavaThread "main"                              [_thread_blocked, id=40324, stack(0x000000d3a6800000,0x000000d3a6900000) (1024K)]
  0x0000027565683c50 JavaThread "Reference Handler"          daemon [_thread_blocked, id=39528, stack(0x000000d3a7000000,0x000000d3a7100000) (1024K)]
  0x00000275656875d0 JavaThread "Finalizer"                  daemon [_thread_blocked, id=20004, stack(0x000000d3a7100000,0x000000d3a7200000) (1024K)]
  0x000002756568a5a0 JavaThread "Signal Dispatcher"          daemon [_thread_blocked, id=29604, stack(0x000000d3a7200000,0x000000d3a7300000) (1024K)]
  0x000002756568d360 JavaThread "Attach Listener"            daemon [_thread_blocked, id=6760, stack(0x000000d3a7300000,0x000000d3a7400000) (1024K)]
  0x000002756568f480 JavaThread "Service Thread"             daemon [_thread_blocked, id=33404, stack(0x000000d3a7400000,0x000000d3a7500000) (1024K)]
  0x0000027565694af0 JavaThread "Monitor Deflation Thread"   daemon [_thread_blocked, id=26208, stack(0x000000d3a7500000,0x000000d3a7600000) (1024K)]
  0x00000275656a1440 JavaThread "C2 CompilerThread0"         daemon [_thread_blocked, id=36000, stack(0x000000d3a7600000,0x000000d3a7700000) (1024K)]
  0x00000275656a4570 JavaThread "C1 CompilerThread0"         daemon [_thread_blocked, id=47948, stack(0x000000d3a7700000,0x000000d3a7800000) (1024K)]
  0x00000275657ecba0 JavaThread "Notification Thread"        daemon [_thread_blocked, id=3628, stack(0x000000d3a7800000,0x000000d3a7900000) (1024K)]
  0x00000275657edf50 JavaThread "Common-Cleaner"             daemon [_thread_blocked, id=40604, stack(0x000000d3a7900000,0x000000d3a7a00000) (1024K)]
  0x000002756a0bfe50 JavaThread "C2 CompilerThread1"         daemon [_thread_blocked, id=21764, stack(0x000000d3a7a00000,0x000000d3a7b00000) (1024K)]
  0x00000275657eec70 JavaThread "HttpClient-1-SelectorManager" daemon [_thread_in_native, id=34228, stack(0x000000d3a7b00000,0x000000d3a7c00000) (1024K)]
  0x00000275657ed230 JavaThread "HttpClient-1-Worker-0"      daemon [_thread_blocked, id=31268, stack(0x000000d3a7d00000,0x000000d3a7e00000) (1024K)]
  0x00000275657ec510 JavaThread "HttpClient-1-Worker-1"      daemon [_thread_blocked, id=33368, stack(0x000000d3a7e00000,0x000000d3a7f00000) (1024K)]
=>0x000002756a23e320 JavaThread "C2 CompilerThread2"         daemon [_thread_in_native, id=12696, stack(0x000000d3a7f00000,0x000000d3a8000000) (1024K)]
Total: 16

Other Threads:
  0x0000027564b01dc0 VMThread "VM Thread"                           [id=5872, stack(0x000000d3a6f00000,0x000000d3a7000000) (1024K)]
  0x0000027564aec940 WatcherThread "VM Periodic Task Thread"        [id=23676, stack(0x000000d3a6e00000,0x000000d3a6f00000) (1024K)]
  0x00000275434049e0 WorkerThread "GC Thread#0"                     [id=32624, stack(0x000000d3a6900000,0x000000d3a6a00000) (1024K)]
  0x00000275434167c0 ConcurrentGCThread "G1 Main Marker"            [id=46204, stack(0x000000d3a6a00000,0x000000d3a6b00000) (1024K)]
  0x0000027543417a60 WorkerThread "G1 Conc#0"                       [id=33372, stack(0x000000d3a6b00000,0x000000d3a6c00000) (1024K)]
  0x00000275649b06e0 ConcurrentGCThread "G1 Refine#0"               [id=40780, stack(0x000000d3a6c00000,0x000000d3a6d00000) (1024K)]
  0x00000275649b3010 ConcurrentGCThread "G1 Service"                [id=46352, stack(0x000000d3a6d00000,0x000000d3a6e00000) (1024K)]
Total: 7

Threads with active compile tasks:
C2 CompilerThread2  2566 1094       4       sun.security.ec.ECOperations::setDouble (463 bytes)
Total: 1

VM state: not at safepoint (normal execution)

VM Mutex/Monitor currently owned by a thread: None

Heap address: 0x0000000601000000, size: 8176 MB, Compressed Oops mode: Zero based, Oop shift amount: 3

CDS archive(s) mapped at: [0x0000027500000000-0x0000027500d00000-0x0000027500d00000), size 13631488, SharedBaseAddress: 0x0000027500000000, ArchiveRelocationMode: 1.
Compressed class space mapped at: 0x0000027501000000-0x0000027541000000, reserved size: 1073741824
Narrow klass base: 0x0000027500000000, Narrow klass shift: 0, Narrow klass range: 0x100000000

GC Precious Log:
 CardTable entry size: 512
 Card Set container configuration: InlinePtr #cards 4 size 8 Array Of Cards #cards 32 size 80 Howl #buckets 8 coarsen threshold 7372 Howl Bitmap #cards 1024 size 144 coarsen threshold 921 Card regions per heap region 1 cards per card region 8192
 CPUs: 12 total, 12 available
 Memory: 32691M
 Large Page Support: Disabled
 NUMA Support: Disabled
 Compressed Oops: Enabled (Zero based)
 Heap Region Size: 4M
 Heap Min Capacity: 8M
 Heap Initial Capacity: 512M
 Heap Max Capacity: 8176M
 Pre-touch: Disabled
 Parallel Workers: 10
 Concurrent Workers: 3
 Concurrent Refinement Workers: 10
 Periodic GC: Disabled

Heap:
 garbage-first heap   total 524288K, used 16384K [0x0000000601000000, 0x0000000800000000)
  region size 4096K, 5 young (20480K), 0 survivors (0K)
 Metaspace       used 9213K, committed 9408K, reserved 1114112K
  class space    used 1065K, committed 1152K, reserved 1048576K

Heap Regions: E=young(eden), S=young(survivor), O=old, HS=humongous(starts), HC=humongous(continues), CS=collection set, F=free, TAMS=top-at-mark-start, PB=parsable bottom
|   0|0x0000000601000000, 0x0000000601000000, 0x0000000601400000|  0%| F|  |TAMS 0x0000000601000000| PB 0x0000000601000000| Untracked 
|   1|0x0000000601400000, 0x0000000601400000, 0x0000000601800000|  0%| F|  |TAMS 0x0000000601400000| PB 0x0000000601400000| Untracked 
|   2|0x0000000601800000, 0x0000000601800000, 0x0000000601c00000|  0%| F|  |TAMS 0x0000000601800000| PB 0x0000000601800000| Untracked 
|   3|0x0000000601c00000, 0x0000000601c00000, 0x0000000602000000|  0%| F|  |TAMS 0x0000000601c00000| PB 0x0000000601c00000| Untracked 
|   4|0x0000000602000000, 0x0000000602000000, 0x0000000602400000|  0%| F|  |TAMS 0x0000000602000000| PB 0x0000000602000000| Untracked 
|   5|0x0000000602400000, 0x0000000602400000, 0x0000000602800000|  0%| F|  |TAMS 0x0000000602400000| PB 0x0000000602400000| Untracked 
|   6|0x0000000602800000, 0x0000000602800000, 0x0000000602c00000|  0%| F|  |TAMS 0x0000000602800000| PB 0x0000000602800000| Untracked 
|   7|0x0000000602c00000, 0x0000000602c00000, 0x0000000603000000|  0%| F|  |TAMS 0x0000000602c00000| PB 0x0000000602c00000| Untracked 
|   8|0x0000000603000000, 0x0000000603000000, 0x0000000603400000|  0%| F|  |TAMS 0x0000000603000000| PB 0x0000000603000000| Untracked 
|   9|0x0000000603400000, 0x0000000603400000, 0x0000000603800000|  0%| F|  |TAMS 0x0000000603400000| PB 0x0000000603400000| Untracked 
|  10|0x0000000603800000, 0x0000000603800000, 0x0000000603c00000|  0%| F|  |TAMS 0x0000000603800000| PB 0x0000000603800000| Untracked 
|  11|0x0000000603c00000, 0x0000000603c00000, 0x0000000604000000|  0%| F|  |TAMS 0x0000000603c00000| PB 0x0000000603c00000| Untracked 
|  12|0x0000000604000000, 0x0000000604000000, 0x0000000604400000|  0%| F|  |TAMS 0x0000000604000000| PB 0x0000000604000000| Untracked 
|  13|0x0000000604400000, 0x0000000604400000, 0x0000000604800000|  0%| F|  |TAMS 0x0000000604400000| PB 0x0000000604400000| Untracked 
|  14|0x0000000604800000, 0x0000000604800000, 0x0000000604c00000|  0%| F|  |TAMS 0x0000000604800000| PB 0x0000000604800000| Untracked 
|  15|0x0000000604c00000, 0x0000000604c00000, 0x0000000605000000|  0%| F|  |TAMS 0x0000000604c00000| PB 0x0000000604c00000| Untracked 
|  16|0x0000000605000000, 0x0000000605000000, 0x0000000605400000|  0%| F|  |TAMS 0x0000000605000000| PB 0x0000000605000000| Untracked 
|  17|0x0000000605400000, 0x0000000605400000, 0x0000000605800000|  0%| F|  |TAMS 0x0000000605400000| PB 0x0000000605400000| Untracked 
|  18|0x0000000605800000, 0x0000000605800000, 0x0000000605c00000|  0%| F|  |TAMS 0x0000000605800000| PB 0x0000000605800000| Untracked 
|  19|0x0000000605c00000, 0x0000000605c00000, 0x0000000606000000|  0%| F|  |TAMS 0x0000000605c00000| PB 0x0000000605c00000| Untracked 
|  20|0x0000000606000000, 0x0000000606000000, 0x0000000606400000|  0%| F|  |TAMS 0x0000000606000000| PB 0x0000000606000000| Untracked 
|  21|0x0000000606400000, 0x0000000606400000, 0x0000000606800000|  0%| F|  |TAMS 0x0000000606400000| PB 0x0000000606400000| Untracked 
|  22|0x0000000606800000, 0x0000000606800000, 0x0000000606c00000|  0%| F|  |TAMS 0x0000000606800000| PB 0x0000000606800000| Untracked 
|  23|0x0000000606c00000, 0x0000000606c00000, 0x0000000607000000|  0%| F|  |TAMS 0x0000000606c00000| PB 0x0000000606c00000| Untracked 
|  24|0x0000000607000000, 0x0000000607000000, 0x0000000607400000|  0%| F|  |TAMS 0x0000000607000000| PB 0x0000000607000000| Untracked 
|  25|0x0000000607400000, 0x0000000607400000, 0x0000000607800000|  0%| F|  |TAMS 0x0000000607400000| PB 0x0000000607400000| Untracked 
|  26|0x0000000607800000, 0x0000000607800000, 0x0000000607c00000|  0%| F|  |TAMS 0x0000000607800000| PB 0x0000000607800000| Untracked 
|  27|0x0000000607c00000, 0x0000000607c00000, 0x0000000608000000|  0%| F|  |TAMS 0x0000000607c00000| PB 0x0000000607c00000| Untracked 
|  28|0x0000000608000000, 0x0000000608000000, 0x0000000608400000|  0%| F|  |TAMS 0x0000000608000000| PB 0x0000000608000000| Untracked 
|  29|0x0000000608400000, 0x0000000608400000, 0x0000000608800000|  0%| F|  |TAMS 0x0000000608400000| PB 0x0000000608400000| Untracked 
|  30|0x0000000608800000, 0x0000000608800000, 0x0000000608c00000|  0%| F|  |TAMS 0x0000000608800000| PB 0x0000000608800000| Untracked 
|  31|0x0000000608c00000, 0x0000000608c00000, 0x0000000609000000|  0%| F|  |TAMS 0x0000000608c00000| PB 0x0000000608c00000| Untracked 
|  32|0x0000000609000000, 0x0000000609000000, 0x0000000609400000|  0%| F|  |TAMS 0x0000000609000000| PB 0x0000000609000000| Untracked 
|  33|0x0000000609400000, 0x0000000609400000, 0x0000000609800000|  0%| F|  |TAMS 0x0000000609400000| PB 0x0000000609400000| Untracked 
|  34|0x0000000609800000, 0x0000000609800000, 0x0000000609c00000|  0%| F|  |TAMS 0x0000000609800000| PB 0x0000000609800000| Untracked 
|  35|0x0000000609c00000, 0x0000000609c00000, 0x000000060a000000|  0%| F|  |TAMS 0x0000000609c00000| PB 0x0000000609c00000| Untracked 
|  36|0x000000060a000000, 0x000000060a000000, 0x000000060a400000|  0%| F|  |TAMS 0x000000060a000000| PB 0x000000060a000000| Untracked 
|  37|0x000000060a400000, 0x000000060a400000, 0x000000060a800000|  0%| F|  |TAMS 0x000000060a400000| PB 0x000000060a400000| Untracked 
|  38|0x000000060a800000, 0x000000060a800000, 0x000000060ac00000|  0%| F|  |TAMS 0x000000060a800000| PB 0x000000060a800000| Untracked 
|  39|0x000000060ac00000, 0x000000060ac00000, 0x000000060b000000|  0%| F|  |TAMS 0x000000060ac00000| PB 0x000000060ac00000| Untracked 
|  40|0x000000060b000000, 0x000000060b000000, 0x000000060b400000|  0%| F|  |TAMS 0x000000060b000000| PB 0x000000060b000000| Untracked 
|  41|0x000000060b400000, 0x000000060b400000, 0x000000060b800000|  0%| F|  |TAMS 0x000000060b400000| PB 0x000000060b400000| Untracked 
|  42|0x000000060b800000, 0x000000060b800000, 0x000000060bc00000|  0%| F|  |TAMS 0x000000060b800000| PB 0x000000060b800000| Untracked 
|  43|0x000000060bc00000, 0x000000060bc00000, 0x000000060c000000|  0%| F|  |TAMS 0x000000060bc00000| PB 0x000000060bc00000| Untracked 
|  44|0x000000060c000000, 0x000000060c000000, 0x000000060c400000|  0%| F|  |TAMS 0x000000060c000000| PB 0x000000060c000000| Untracked 
|  45|0x000000060c400000, 0x000000060c400000, 0x000000060c800000|  0%| F|  |TAMS 0x000000060c400000| PB 0x000000060c400000| Untracked 
|  46|0x000000060c800000, 0x000000060c800000, 0x000000060cc00000|  0%| F|  |TAMS 0x000000060c800000| PB 0x000000060c800000| Untracked 
|  47|0x000000060cc00000, 0x000000060cc00000, 0x000000060d000000|  0%| F|  |TAMS 0x000000060cc00000| PB 0x000000060cc00000| Untracked 
|  48|0x000000060d000000, 0x000000060d000000, 0x000000060d400000|  0%| F|  |TAMS 0x000000060d000000| PB 0x000000060d000000| Untracked 
|  49|0x000000060d400000, 0x000000060d400000, 0x000000060d800000|  0%| F|  |TAMS 0x000000060d400000| PB 0x000000060d400000| Untracked 
|  50|0x000000060d800000, 0x000000060d800000, 0x000000060dc00000|  0%| F|  |TAMS 0x000000060d800000| PB 0x000000060d800000| Untracked 
|  51|0x000000060dc00000, 0x000000060dc00000, 0x000000060e000000|  0%| F|  |TAMS 0x000000060dc00000| PB 0x000000060dc00000| Untracked 
|  52|0x000000060e000000, 0x000000060e000000, 0x000000060e400000|  0%| F|  |TAMS 0x000000060e000000| PB 0x000000060e000000| Untracked 
|  53|0x000000060e400000, 0x000000060e400000, 0x000000060e800000|  0%| F|  |TAMS 0x000000060e400000| PB 0x000000060e400000| Untracked 
|  54|0x000000060e800000, 0x000000060e800000, 0x000000060ec00000|  0%| F|  |TAMS 0x000000060e800000| PB 0x000000060e800000| Untracked 
|  55|0x000000060ec00000, 0x000000060ec00000, 0x000000060f000000|  0%| F|  |TAMS 0x000000060ec00000| PB 0x000000060ec00000| Untracked 
|  56|0x000000060f000000, 0x000000060f000000, 0x000000060f400000|  0%| F|  |TAMS 0x000000060f000000| PB 0x000000060f000000| Untracked 
|  57|0x000000060f400000, 0x000000060f400000, 0x000000060f800000|  0%| F|  |TAMS 0x000000060f400000| PB 0x000000060f400000| Untracked 
|  58|0x000000060f800000, 0x000000060f800000, 0x000000060fc00000|  0%| F|  |TAMS 0x000000060f800000| PB 0x000000060f800000| Untracked 
|  59|0x000000060fc00000, 0x000000060fc00000, 0x0000000610000000|  0%| F|  |TAMS 0x000000060fc00000| PB 0x000000060fc00000| Untracked 
|  60|0x0000000610000000, 0x0000000610000000, 0x0000000610400000|  0%| F|  |TAMS 0x0000000610000000| PB 0x0000000610000000| Untracked 
|  61|0x0000000610400000, 0x0000000610400000, 0x0000000610800000|  0%| F|  |TAMS 0x0000000610400000| PB 0x0000000610400000| Untracked 
|  62|0x0000000610800000, 0x0000000610800000, 0x0000000610c00000|  0%| F|  |TAMS 0x0000000610800000| PB 0x0000000610800000| Untracked 
|  63|0x0000000610c00000, 0x0000000610c00000, 0x0000000611000000|  0%| F|  |TAMS 0x0000000610c00000| PB 0x0000000610c00000| Untracked 
|  64|0x0000000611000000, 0x0000000611000000, 0x0000000611400000|  0%| F|  |TAMS 0x0000000611000000| PB 0x0000000611000000| Untracked 
|  65|0x0000000611400000, 0x0000000611400000, 0x0000000611800000|  0%| F|  |TAMS 0x0000000611400000| PB 0x0000000611400000| Untracked 
|  66|0x0000000611800000, 0x0000000611800000, 0x0000000611c00000|  0%| F|  |TAMS 0x0000000611800000| PB 0x0000000611800000| Untracked 
|  67|0x0000000611c00000, 0x0000000611c00000, 0x0000000612000000|  0%| F|  |TAMS 0x0000000611c00000| PB 0x0000000611c00000| Untracked 
|  68|0x0000000612000000, 0x0000000612000000, 0x0000000612400000|  0%| F|  |TAMS 0x0000000612000000| PB 0x0000000612000000| Untracked 
|  69|0x0000000612400000, 0x0000000612400000, 0x0000000612800000|  0%| F|  |TAMS 0x0000000612400000| PB 0x0000000612400000| Untracked 
|  70|0x0000000612800000, 0x0000000612800000, 0x0000000612c00000|  0%| F|  |TAMS 0x0000000612800000| PB 0x0000000612800000| Untracked 
|  71|0x0000000612c00000, 0x0000000612c00000, 0x0000000613000000|  0%| F|  |TAMS 0x0000000612c00000| PB 0x0000000612c00000| Untracked 
|  72|0x0000000613000000, 0x0000000613000000, 0x0000000613400000|  0%| F|  |TAMS 0x0000000613000000| PB 0x0000000613000000| Untracked 
|  73|0x0000000613400000, 0x0000000613400000, 0x0000000613800000|  0%| F|  |TAMS 0x0000000613400000| PB 0x0000000613400000| Untracked 
|  74|0x0000000613800000, 0x0000000613800000, 0x0000000613c00000|  0%| F|  |TAMS 0x0000000613800000| PB 0x0000000613800000| Untracked 
|  75|0x0000000613c00000, 0x0000000613c00000, 0x0000000614000000|  0%| F|  |TAMS 0x0000000613c00000| PB 0x0000000613c00000| Untracked 
|  76|0x0000000614000000, 0x0000000614000000, 0x0000000614400000|  0%| F|  |TAMS 0x0000000614000000| PB 0x0000000614000000| Untracked 
|  77|0x0000000614400000, 0x0000000614400000, 0x0000000614800000|  0%| F|  |TAMS 0x0000000614400000| PB 0x0000000614400000| Untracked 
|  78|0x0000000614800000, 0x0000000614800000, 0x0000000614c00000|  0%| F|  |TAMS 0x0000000614800000| PB 0x0000000614800000| Untracked 
|  79|0x0000000614c00000, 0x0000000614c00000, 0x0000000615000000|  0%| F|  |TAMS 0x0000000614c00000| PB 0x0000000614c00000| Untracked 
|  80|0x0000000615000000, 0x0000000615000000, 0x0000000615400000|  0%| F|  |TAMS 0x0000000615000000| PB 0x0000000615000000| Untracked 
|  81|0x0000000615400000, 0x0000000615400000, 0x0000000615800000|  0%| F|  |TAMS 0x0000000615400000| PB 0x0000000615400000| Untracked 
|  82|0x0000000615800000, 0x0000000615800000, 0x0000000615c00000|  0%| F|  |TAMS 0x0000000615800000| PB 0x0000000615800000| Untracked 
|  83|0x0000000615c00000, 0x0000000615c00000, 0x0000000616000000|  0%| F|  |TAMS 0x0000000615c00000| PB 0x0000000615c00000| Untracked 
|  84|0x0000000616000000, 0x0000000616000000, 0x0000000616400000|  0%| F|  |TAMS 0x0000000616000000| PB 0x0000000616000000| Untracked 
|  85|0x0000000616400000, 0x0000000616400000, 0x0000000616800000|  0%| F|  |TAMS 0x0000000616400000| PB 0x0000000616400000| Untracked 
|  86|0x0000000616800000, 0x0000000616800000, 0x0000000616c00000|  0%| F|  |TAMS 0x0000000616800000| PB 0x0000000616800000| Untracked 
|  87|0x0000000616c00000, 0x0000000616c00000, 0x0000000617000000|  0%| F|  |TAMS 0x0000000616c00000| PB 0x0000000616c00000| Untracked 
|  88|0x0000000617000000, 0x0000000617000000, 0x0000000617400000|  0%| F|  |TAMS 0x0000000617000000| PB 0x0000000617000000| Untracked 
|  89|0x0000000617400000, 0x0000000617400000, 0x0000000617800000|  0%| F|  |TAMS 0x0000000617400000| PB 0x0000000617400000| Untracked 
|  90|0x0000000617800000, 0x0000000617800000, 0x0000000617c00000|  0%| F|  |TAMS 0x0000000617800000| PB 0x0000000617800000| Untracked 
|  91|0x0000000617c00000, 0x0000000617c00000, 0x0000000618000000|  0%| F|  |TAMS 0x0000000617c00000| PB 0x0000000617c00000| Untracked 
|  92|0x0000000618000000, 0x0000000618000000, 0x0000000618400000|  0%| F|  |TAMS 0x0000000618000000| PB 0x0000000618000000| Untracked 
|  93|0x0000000618400000, 0x0000000618400000, 0x0000000618800000|  0%| F|  |TAMS 0x0000000618400000| PB 0x0000000618400000| Untracked 
|  94|0x0000000618800000, 0x0000000618800000, 0x0000000618c00000|  0%| F|  |TAMS 0x0000000618800000| PB 0x0000000618800000| Untracked 
|  95|0x0000000618c00000, 0x0000000618c00000, 0x0000000619000000|  0%| F|  |TAMS 0x0000000618c00000| PB 0x0000000618c00000| Untracked 
|  96|0x0000000619000000, 0x0000000619000000, 0x0000000619400000|  0%| F|  |TAMS 0x0000000619000000| PB 0x0000000619000000| Untracked 
|  97|0x0000000619400000, 0x0000000619400000, 0x0000000619800000|  0%| F|  |TAMS 0x0000000619400000| PB 0x0000000619400000| Untracked 
|  98|0x0000000619800000, 0x0000000619800000, 0x0000000619c00000|  0%| F|  |TAMS 0x0000000619800000| PB 0x0000000619800000| Untracked 
|  99|0x0000000619c00000, 0x0000000619c00000, 0x000000061a000000|  0%| F|  |TAMS 0x0000000619c00000| PB 0x0000000619c00000| Untracked 
| 100|0x000000061a000000, 0x000000061a000000, 0x000000061a400000|  0%| F|  |TAMS 0x000000061a000000| PB 0x000000061a000000| Untracked 
| 101|0x000000061a400000, 0x000000061a400000, 0x000000061a800000|  0%| F|  |TAMS 0x000000061a400000| PB 0x000000061a400000| Untracked 
| 102|0x000000061a800000, 0x000000061a800000, 0x000000061ac00000|  0%| F|  |TAMS 0x000000061a800000| PB 0x000000061a800000| Untracked 
| 103|0x000000061ac00000, 0x000000061ac00000, 0x000000061b000000|  0%| F|  |TAMS 0x000000061ac00000| PB 0x000000061ac00000| Untracked 
| 104|0x000000061b000000, 0x000000061b000000, 0x000000061b400000|  0%| F|  |TAMS 0x000000061b000000| PB 0x000000061b000000| Untracked 
| 105|0x000000061b400000, 0x000000061b400000, 0x000000061b800000|  0%| F|  |TAMS 0x000000061b400000| PB 0x000000061b400000| Untracked 
| 106|0x000000061b800000, 0x000000061b800000, 0x000000061bc00000|  0%| F|  |TAMS 0x000000061b800000| PB 0x000000061b800000| Untracked 
| 107|0x000000061bc00000, 0x000000061bc00000, 0x000000061c000000|  0%| F|  |TAMS 0x000000061bc00000| PB 0x000000061bc00000| Untracked 
| 108|0x000000061c000000, 0x000000061c000000, 0x000000061c400000|  0%| F|  |TAMS 0x000000061c000000| PB 0x000000061c000000| Untracked 
| 109|0x000000061c400000, 0x000000061c400000, 0x000000061c800000|  0%| F|  |TAMS 0x000000061c400000| PB 0x000000061c400000| Untracked 
| 110|0x000000061c800000, 0x000000061c800000, 0x000000061cc00000|  0%| F|  |TAMS 0x000000061c800000| PB 0x000000061c800000| Untracked 
| 111|0x000000061cc00000, 0x000000061cc00000, 0x000000061d000000|  0%| F|  |TAMS 0x000000061cc00000| PB 0x000000061cc00000| Untracked 
| 112|0x000000061d000000, 0x000000061d000000, 0x000000061d400000|  0%| F|  |TAMS 0x000000061d000000| PB 0x000000061d000000| Untracked 
| 113|0x000000061d400000, 0x000000061d400000, 0x000000061d800000|  0%| F|  |TAMS 0x000000061d400000| PB 0x000000061d400000| Untracked 
| 114|0x000000061d800000, 0x000000061d800000, 0x000000061dc00000|  0%| F|  |TAMS 0x000000061d800000| PB 0x000000061d800000| Untracked 
| 115|0x000000061dc00000, 0x000000061dc00000, 0x000000061e000000|  0%| F|  |TAMS 0x000000061dc00000| PB 0x000000061dc00000| Untracked 
| 116|0x000000061e000000, 0x000000061e000000, 0x000000061e400000|  0%| F|  |TAMS 0x000000061e000000| PB 0x000000061e000000| Untracked 
| 117|0x000000061e400000, 0x000000061e400000, 0x000000061e800000|  0%| F|  |TAMS 0x000000061e400000| PB 0x000000061e400000| Untracked 
| 118|0x000000061e800000, 0x000000061e800000, 0x000000061ec00000|  0%| F|  |TAMS 0x000000061e800000| PB 0x000000061e800000| Untracked 
| 119|0x000000061ec00000, 0x000000061ec00000, 0x000000061f000000|  0%| F|  |TAMS 0x000000061ec00000| PB 0x000000061ec00000| Untracked 
| 120|0x000000061f000000, 0x000000061f000000, 0x000000061f400000|  0%| F|  |TAMS 0x000000061f000000| PB 0x000000061f000000| Untracked 
| 121|0x000000061f400000, 0x000000061f400000, 0x000000061f800000|  0%| F|  |TAMS 0x000000061f400000| PB 0x000000061f400000| Untracked 
| 122|0x000000061f800000, 0x000000061f800000, 0x000000061fc00000|  0%| F|  |TAMS 0x000000061f800000| PB 0x000000061f800000| Untracked 
| 123|0x000000061fc00000, 0x000000061fd712c8, 0x0000000620000000| 36%| E|  |TAMS 0x000000061fc00000| PB 0x000000061fc00000| Complete 
| 124|0x0000000620000000, 0x0000000620400000, 0x0000000620400000|100%| E|CS|TAMS 0x0000000620000000| PB 0x0000000620000000| Complete 
| 125|0x0000000620400000, 0x0000000620800000, 0x0000000620800000|100%| E|CS|TAMS 0x0000000620400000| PB 0x0000000620400000| Complete 
| 126|0x0000000620800000, 0x0000000620c00000, 0x0000000620c00000|100%| E|CS|TAMS 0x0000000620800000| PB 0x0000000620800000| Complete 
| 127|0x0000000620c00000, 0x0000000621000000, 0x0000000621000000|100%| E|CS|TAMS 0x0000000620c00000| PB 0x0000000620c00000| Complete 

Card table byte_map: [0x0000027559840000,0x000002755a840000] _byte_map_base: 0x0000027556838000

Marking Bits: (CMBitMap*) 0x00000275434050e0
 Bits: [0x000002755a840000, 0x0000027562800000)

Polling page: 0x0000027543420000

Metaspace:

Usage:
  Non-class:      7.96 MB used.
      Class:      1.04 MB used.
       Both:      9.00 MB used.

Virtual space:
  Non-class space:       64.00 MB reserved,       8.06 MB ( 13%) committed,  1 nodes.
      Class space:        1.00 GB reserved,       1.12 MB ( <1%) committed,  1 nodes.
             Both:        1.06 GB reserved,       9.19 MB ( <1%) committed. 

Chunk freelists:
   Non-Class:  7.89 MB
       Class:  14.69 MB
        Both:  22.58 MB

MaxMetaspaceSize: unlimited
CompressedClassSpaceSize: 1.00 GB
Initial GC threshold: 21.00 MB
Current GC threshold: 21.00 MB
CDS: on
 - commit_granule_bytes: 65536.
 - commit_granule_words: 8192.
 - virtual_space_node_default_size: 8388608.
 - enlarge_chunks_in_place: 1.
 - use_allocation_guard: 0.


Internal statistics:

num_allocs_failed_limit: 0.
num_arena_births: 244.
num_arena_deaths: 0.
num_vsnodes_births: 2.
num_vsnodes_deaths: 0.
num_space_committed: 147.
num_space_uncommitted: 0.
num_chunks_returned_to_freelist: 0.
num_chunks_taken_from_freelist: 419.
num_chunk_merges: 0.
num_chunk_splits: 241.
num_chunks_enlarged: 107.
num_inconsistent_stats: 0.

CodeHeap 'non-profiled nmethods': size=120000Kb used=421Kb max_used=421Kb free=119579Kb
 bounds [0x0000027550770000, 0x00000275509e0000, 0x0000027557ca0000]
CodeHeap 'profiled nmethods': size=120000Kb used=1896Kb max_used=1896Kb free=118103Kb
 bounds [0x0000027548ca0000, 0x0000027548f10000, 0x00000275501d0000]
CodeHeap 'non-nmethods': size=5760Kb used=1434Kb max_used=1461Kb free=4325Kb
 bounds [0x00000275501d0000, 0x0000027550440000, 0x0000027550770000]
 total_blobs=1710 nmethods=1191 adapters=424
 compilation: enabled
              stopped_count=0, restarted_count=0
 full_count=0

Compilation events (20 events):
Event: 1.522 Thread 0x00000275656a4570 nmethod 1183 0x0000027548e77110 code [0x0000027548e772e0, 0x0000027548e774e8]
Event: 1.522 Thread 0x00000275656a4570 1184       3       java.lang.invoke.MemberName$Factory::resolveOrNull (54 bytes)
Event: 1.522 Thread 0x00000275656a4570 nmethod 1184 0x0000027548e77690 code [0x0000027548e77860, 0x0000027548e77b00]
Event: 1.522 Thread 0x00000275656a1440 1185       4       java.lang.Class::getClassLoader (28 bytes)
Event: 1.522 Thread 0x00000275656a1440 nmethod 1185 0x00000275507d7410 code [0x00000275507d75a0, 0x00000275507d7640]
Event: 1.522 Thread 0x00000275656a1440 1186       4       jdk.internal.util.StrongReferenceKey::hashCode (8 bytes)
Event: 1.523 Thread 0x00000275656a4570 1187       3       java.util.ImmutableCollections$Set12::<init> (53 bytes)
Event: 1.523 Thread 0x00000275656a4570 nmethod 1187 0x0000027548e77c10 code [0x0000027548e77ec0, 0x0000027548e78b10]
Event: 1.523 Thread 0x00000275656a4570 1188       3       java.util.concurrent.locks.AbstractQueuedSynchronizer::signalNext (34 bytes)
Event: 1.523 Thread 0x00000275656a4570 nmethod 1188 0x0000027548e78f90 code [0x0000027548e79180, 0x0000027548e79610]
Event: 1.524 Thread 0x00000275656a4570 1189       3       java.nio.MappedByteBuffer::limit (6 bytes)
Event: 1.524 Thread 0x00000275656a4570 nmethod 1189 0x0000027548e79790 code [0x0000027548e79940, 0x0000027548e79b50]
Event: 1.524 Thread 0x00000275656a4570 1190       1       java.util.concurrent.atomic.AtomicInteger::get (5 bytes)
Event: 1.524 Thread 0x00000275656a4570 nmethod 1190 0x00000275507d7710 code [0x00000275507d78a0, 0x00000275507d7968]
Event: 1.524 Thread 0x000002756a0bfe50 nmethod 1176 0x00000275507d7a10 code [0x00000275507d7be0, 0x00000275507d8398]
Event: 1.525 Thread 0x00000275656a1440 nmethod 1186 0x00000275507d8790 code [0x00000275507d89a0, 0x00000275507d8dc8]
Event: 1.526 Thread 0x00000275656a4570 1191       3       java.nio.ByteBuffer::get (9 bytes)
Event: 1.526 Thread 0x00000275656a4570 nmethod 1191 0x0000027548e79c90 code [0x0000027548e79e40, 0x0000027548e7a020]
Event: 1.526 Thread 0x00000275656a4570 1192       1       sun.security.provider.DigestBase::engineGetDigestLength (5 bytes)
Event: 1.526 Thread 0x00000275656a4570 nmethod 1192 0x00000275507d9110 code [0x00000275507d92a0, 0x00000275507d9368]

GC Heap History (0 events):
No events

Dll operation events (2 events):
Event: 0.011 Loaded shared library C:\Program Files\JetBrains\IntelliJ IDEA 2024.3.1\jbr\bin\java.dll
Event: 0.033 Loaded shared library C:\Program Files\JetBrains\IntelliJ IDEA 2024.3.1\jbr\bin\zip.dll

Deoptimization events (20 events):
Event: 0.466 Thread 0x00000275657ed230 Uncommon trap: trap_request=0xffffff66 fr.pc=0x00000275507cbef4 relative=0x0000000000000314
Event: 0.466 Thread 0x00000275657ed230 Uncommon trap: reason=speculate_class_check action=maybe_recompile pc=0x00000275507cbef4 method=sun.security.util.math.intpoly.IntegerPolynomial.multByInt([JJ)V @ 26 c2
Event: 0.466 Thread 0x00000275657ed230 DEOPT PACKING pc=0x00000275507cbef4 sp=0x000000d3a7dfe170
Event: 0.466 Thread 0x00000275657ed230 DEOPT UNPACKING pc=0x00000275502246a2 sp=0x000000d3a7dfe0b0 mode 2
Event: 0.466 Thread 0x00000275657ed230 Uncommon trap: trap_request=0xffffffde fr.pc=0x00000275507c8aa8 relative=0x0000000000000268
Event: 0.466 Thread 0x00000275657ed230 Uncommon trap: reason=class_check action=maybe_recompile pc=0x00000275507c8aa8 method=sun.security.util.math.intpoly.IntegerPolynomial.multByInt([JJ)V @ 26 c2
Event: 0.466 Thread 0x00000275657ed230 DEOPT PACKING pc=0x00000275507c8aa8 sp=0x000000d3a7dfe0e0
Event: 0.466 Thread 0x00000275657ed230 DEOPT UNPACKING pc=0x00000275502246a2 sp=0x000000d3a7dfe0b0 mode 2
Event: 0.466 Thread 0x00000275657ed230 Uncommon trap: trap_request=0xffffffde fr.pc=0x00000275507c8aa8 relative=0x0000000000000268
Event: 0.466 Thread 0x00000275657ed230 Uncommon trap: reason=class_check action=maybe_recompile pc=0x00000275507c8aa8 method=sun.security.util.math.intpoly.IntegerPolynomial.multByInt([JJ)V @ 26 c2
Event: 0.466 Thread 0x00000275657ed230 DEOPT PACKING pc=0x00000275507c8aa8 sp=0x000000d3a7dfe0e0
Event: 0.466 Thread 0x00000275657ed230 DEOPT UNPACKING pc=0x00000275502246a2 sp=0x000000d3a7dfe0b0 mode 2
Event: 0.466 Thread 0x00000275657ed230 Uncommon trap: trap_request=0xffffffde fr.pc=0x00000275507c8aa8 relative=0x0000000000000268
Event: 0.466 Thread 0x00000275657ed230 Uncommon trap: reason=class_check action=maybe_recompile pc=0x00000275507c8aa8 method=sun.security.util.math.intpoly.IntegerPolynomial.multByInt([JJ)V @ 26 c2
Event: 0.466 Thread 0x00000275657ed230 DEOPT PACKING pc=0x00000275507c8aa8 sp=0x000000d3a7dfe0e0
Event: 0.466 Thread 0x00000275657ed230 DEOPT UNPACKING pc=0x00000275502246a2 sp=0x000000d3a7dfe0b0 mode 2
Event: 0.466 Thread 0x00000275657ed230 Uncommon trap: trap_request=0xffffffde fr.pc=0x00000275507c8aa8 relative=0x0000000000000268
Event: 0.466 Thread 0x00000275657ed230 Uncommon trap: reason=class_check action=maybe_recompile pc=0x00000275507c8aa8 method=sun.security.util.math.intpoly.IntegerPolynomial.multByInt([JJ)V @ 26 c2
Event: 0.466 Thread 0x00000275657ed230 DEOPT PACKING pc=0x00000275507c8aa8 sp=0x000000d3a7dfe0e0
Event: 0.466 Thread 0x00000275657ed230 DEOPT UNPACKING pc=0x00000275502246a2 sp=0x000000d3a7dfe0b0 mode 2

Classes loaded (20 events):
Event: 1.508 Loading class jdk/internal/event/TLSHandshakeEvent
Event: 1.508 Loading class jdk/internal/event/TLSHandshakeEvent done
Event: 1.508 Loading class com/sun/crypto/provider/GaloisCounterMode$GCMEncrypt
Event: 1.508 Loading class com/sun/crypto/provider/GaloisCounterMode$GCMEncrypt done
Event: 1.508 Loading class com/sun/crypto/provider/GaloisCounterMode$EncryptOp
Event: 1.508 Loading class com/sun/crypto/provider/GaloisCounterMode$EncryptOp done
Event: 1.508 Loading class sun/security/ssl/CipherSuite$1
Event: 1.508 Loading class sun/security/ssl/CipherSuite$1 done
Event: 1.509 Loading class java/util/concurrent/CompletionException
Event: 1.509 Loading class java/util/concurrent/CompletionException done
Event: 1.519 Loading class java/util/Collections$UnmodifiableMap$UnmodifiableEntrySet
Event: 1.519 Loading class java/util/Collections$UnmodifiableMap$UnmodifiableEntrySet done
Event: 1.519 Loading class java/util/Collections$UnmodifiableMap$UnmodifiableEntrySet$1
Event: 1.519 Loading class java/util/Collections$UnmodifiableMap$UnmodifiableEntrySet$1 done
Event: 1.519 Loading class java/util/Collections$UnmodifiableMap$UnmodifiableEntrySet$UnmodifiableEntry
Event: 1.519 Loading class java/util/Collections$UnmodifiableMap$UnmodifiableEntrySet$UnmodifiableEntry done
Event: 1.526 Loading class sun/security/ssl/NewSessionTicket$T13NewSessionTicketMessage
Event: 1.526 Loading class sun/security/ssl/NewSessionTicket$NewSessionTicketMessage
Event: 1.526 Loading class sun/security/ssl/NewSessionTicket$NewSessionTicketMessage done
Event: 1.526 Loading class sun/security/ssl/NewSessionTicket$T13NewSessionTicketMessage done

Classes unloaded (0 events):
No events

Classes redefined (0 events):
No events

Internal exceptions (20 events):
Event: 0.245 Thread 0x00000275431911a0 Exception <a 'java/lang/NoSuchMethodError'{0x0000000620b4d638}: 'int java.lang.invoke.DirectMethodHandle$Holder.invokeStaticInit(java.lang.Object, float, float)'> (0x0000000620b4d638) 
thrown [s\src\hotspot\share\interpreter\linkResolver.cpp, line 784]
Event: 0.246 Thread 0x00000275431911a0 Exception <a 'java/lang/NoSuchMethodError'{0x0000000620b540c8}: 'int java.lang.invoke.DirectMethodHandle$Holder.invokeStaticInit(java.lang.Object, double, double)'> (0x0000000620b540c8) 
thrown [s\src\hotspot\share\interpreter\linkResolver.cpp, line 784]
Event: 0.246 Thread 0x00000275431911a0 Exception <a 'java/lang/NoSuchMethodError'{0x0000000620b58878}: 'int java.lang.invoke.DirectMethodHandle$Holder.invokeStatic(java.lang.Object, long)'> (0x0000000620b58878) 
thrown [s\src\hotspot\share\interpreter\linkResolver.cpp, line 784]
Event: 0.251 Thread 0x00000275431911a0 Exception <a 'java/lang/NoSuchMethodError'{0x0000000620b82508}: 'java.lang.Object java.lang.invoke.DirectMethodHandle$Holder.invokeSpecial(java.lang.Object, java.lang.Object, int, java.lang.Object, java.lang.Object)'> (0x0000000620b82508) 
thrown [s\src\hotspot\share\interpreter\linkResolver.cpp, line 784]
Event: 0.251 Thread 0x00000275431911a0 Exception <a 'java/lang/NoSuchMethodError'{0x0000000620b85e98}: 'java.lang.Object java.lang.invoke.DelegatingMethodHandle$Holder.delegate(java.lang.Object, int, java.lang.Object, java.lang.Object)'> (0x0000000620b85e98) 
thrown [s\src\hotspot\share\interpreter\linkResolver.cpp, line 784]
Event: 0.253 Thread 0x00000275431911a0 Exception <a 'java/lang/NoSuchMethodError'{0x0000000620b951b8}: 'int java.lang.invoke.Invokers$Holder.linkToTargetMethod(java.lang.Object, java.lang.Object, java.lang.Object)'> (0x0000000620b951b8) 
thrown [s\src\hotspot\share\interpreter\linkResolver.cpp, line 784]
Event: 0.256 Thread 0x00000275431911a0 Exception <a 'java/lang/NoSuchMethodError'{0x0000000620bc6e60}: 'long java.lang.invoke.DirectMethodHandle$Holder.invokeSpecial(java.lang.Object, java.lang.Object)'> (0x0000000620bc6e60) 
thrown [s\src\hotspot\share\interpreter\linkResolver.cpp, line 784]
Event: 0.256 Thread 0x00000275431911a0 Exception <a 'java/lang/NoSuchMethodError'{0x0000000620bcd730}: 'int java.lang.invoke.DirectMethodHandle$Holder.invokeStatic(java.lang.Object, java.lang.Object, java.lang.Object, java.lang.Object)'> (0x0000000620bcd730) 
thrown [s\src\hotspot\share\interpreter\linkResolver.cpp, line 784]
Event: 0.257 Thread 0x00000275431911a0 Exception <a 'java/lang/NoSuchMethodError'{0x0000000620bd0b50}: 'java.lang.Object java.lang.invoke.Invokers$Holder.invokeExact_MT(java.lang.Object, java.lang.Object, java.lang.Object, java.lang.Object, java.lang.Object, java.lang.Object)'> (0x0000000620bd0b50) 
thrown [s\src\hotspot\share\interpreter\linkResolver.cpp, line 784]
Event: 0.346 Thread 0x00000275431911a0 Exception <a 'java/lang/NoSuchMethodError'{0x00000006206699d8}: 'java.lang.Object java.lang.invoke.DirectMethodHandle$Holder.newInvokeSpecial(java.lang.Object, java.lang.Object, java.lang.Object, java.lang.Object, java.lang.Object)'> (0x00000006206699d8) 
thrown [s\src\hotspot\share\interpreter\linkResolver.cpp, line 784]
Event: 0.367 Thread 0x00000275431911a0 Exception <a 'java/lang/NoSuchMethodError'{0x00000006207f1098}: 'java.lang.Object java.lang.invoke.DirectMethodHandle$Holder.invokeSpecial(java.lang.Object, java.lang.Object, java.lang.Object, java.lang.Object, int)'> (0x00000006207f1098) 
thrown [s\src\hotspot\share\interpreter\linkResolver.cpp, line 784]
Event: 0.367 Thread 0x00000275431911a0 Exception <a 'java/lang/NoSuchMethodError'{0x00000006207f4a00}: 'java.lang.Object java.lang.invoke.Invokers$Holder.linkToTargetMethod(java.lang.Object, java.lang.Object, int, java.lang.Object)'> (0x00000006207f4a00) 
thrown [s\src\hotspot\share\interpreter\linkResolver.cpp, line 784]
Event: 0.371 Thread 0x00000275431911a0 Exception <a 'java/lang/NoSuchMethodError'{0x0000000620022f78}: 'void java.lang.invoke.DirectMethodHandle$Holder.invokeSpecial(java.lang.Object, java.lang.Object, java.lang.Object)'> (0x0000000620022f78) 
thrown [s\src\hotspot\share\interpreter\linkResolver.cpp, line 784]
Event: 0.381 Thread 0x00000275657eec70 Exception <a 'java/lang/NoSuchMethodError'{0x000000062060f738}: 'void java.lang.invoke.DirectMethodHandle$Holder.invokeStatic(java.lang.Object, java.lang.Object, int)'> (0x000000062060f738) 
thrown [s\src\hotspot\share\interpreter\linkResolver.cpp, line 784]
Event: 0.381 Thread 0x00000275431911a0 Exception <a 'java/lang/NoSuchMethodError'{0x00000006200b29c0}: 'void java.lang.invoke.DirectMethodHandle$Holder.invokeSpecial(java.lang.Object, java.lang.Object, java.lang.Object, java.lang.Object, java.lang.Object)'> (0x00000006200b29c0) 
thrown [s\src\hotspot\share\interpreter\linkResolver.cpp, line 784]
Event: 0.386 Thread 0x00000275657eec70 Exception <a 'java/lang/NoSuchMethodError'{0x00000006206497f0}: 'void java.lang.invoke.DirectMethodHandle$Holder.invokeStatic(java.lang.Object, java.lang.Object)'> (0x00000006206497f0) 
thrown [s\src\hotspot\share\interpreter\linkResolver.cpp, line 784]
Event: 0.387 Thread 0x00000275657ed230 Exception <a 'java/lang/NoSuchMethodError'{0x0000000620119e08}: 'void java.lang.invoke.DirectMethodHandle$Holder.invokeInterface(java.lang.Object, java.lang.Object, java.lang.Object)'> (0x0000000620119e08) 
thrown [s\src\hotspot\share\interpreter\linkResolver.cpp, line 784]
Event: 0.391 Thread 0x00000275657ed230 Exception <a 'java/lang/NoSuchMethodError'{0x000000062016bcc0}: 'void java.lang.invoke.DirectMethodHandle$Holder.invokeVirtual(java.lang.Object, java.lang.Object)'> (0x000000062016bcc0) 
thrown [s\src\hotspot\share\interpreter\linkResolver.cpp, line 784]
Event: 0.462 Thread 0x00000275657ed230 Exception <a 'java/lang/NoSuchMethodError'{0x0000000620383388}: 'void java.lang.invoke.DirectMethodHandle$Holder.invokeInterface(java.lang.Object, java.lang.Object)'> (0x0000000620383388) 
thrown [s\src\hotspot\share\interpreter\linkResolver.cpp, line 784]
Event: 1.509 Thread 0x00000275657ed230 Exception <a 'java/lang/NoSuchMethodError'{0x00000006203fb1b0}: 'void java.lang.invoke.DirectMethodHandle$Holder.invokeStatic(java.lang.Object, java.lang.Object, java.lang.Object, java.lang.Object)'> (0x00000006203fb1b0) 
thrown [s\src\hotspot\share\interpreter\linkResolver.cpp, line 784]

ZGC Phase Switch (0 events):
No events

VM Operations (10 events):
Event: 0.066 Executing VM operation: HandshakeAllThreads (Deoptimize)
Event: 0.066 Executing VM operation: HandshakeAllThreads (Deoptimize) done
Event: 0.073 Executing VM operation: HandshakeAllThreads (Deoptimize)
Event: 0.073 Executing VM operation: HandshakeAllThreads (Deoptimize) done
Event: 0.192 Executing VM operation: HandshakeAllThreads (Deoptimize)
Event: 0.192 Executing VM operation: HandshakeAllThreads (Deoptimize) done
Event: 1.192 Executing VM operation: Cleanup
Event: 1.494 Executing VM operation: Cleanup done
Event: 2.505 Executing VM operation: Cleanup
Event: 2.505 Executing VM operation: Cleanup done

Memory protections (0 events):
No events

Nmethod flushes (0 events):
No events

Events (20 events):
Event: 0.040 Thread 0x00000275431911a0 Thread added: 0x00000275656875d0
Event: 0.040 Thread 0x00000275431911a0 Thread added: 0x000002756568a5a0
Event: 0.040 Thread 0x00000275431911a0 Thread added: 0x000002756568d360
Event: 0.040 Thread 0x00000275431911a0 Thread added: 0x000002756568f480
Event: 0.041 Thread 0x00000275431911a0 Thread added: 0x0000027565694af0
Event: 0.041 Thread 0x00000275431911a0 Thread added: 0x00000275656a1440
Event: 0.041 Thread 0x00000275431911a0 Thread added: 0x00000275656a4570
Event: 0.051 Thread 0x00000275431911a0 Thread added: 0x00000275657ecba0
Event: 0.052 Thread 0x00000275431911a0 Thread added: 0x00000275657edf50
Event: 0.055 Loaded shared library C:\Program Files\JetBrains\IntelliJ IDEA 2024.3.1\jbr\bin\net.dll
Event: 0.060 Loaded shared library C:\Program Files\JetBrains\IntelliJ IDEA 2024.3.1\jbr\bin\nio.dll
Event: 0.063 Loaded shared library C:\Program Files\JetBrains\IntelliJ IDEA 2024.3.1\jbr\bin\zip.dll
Event: 0.107 Loaded shared library C:\Program Files\JetBrains\IntelliJ IDEA 2024.3.1\jbr\bin\jimage.dll
Event: 0.214 Thread 0x00000275656a4570 Thread added: 0x000002756a0bfe50
Event: 0.291 Loaded shared library C:\Program Files\JetBrains\IntelliJ IDEA 2024.3.1\jbr\bin\sunmscapi.dll
Event: 0.336 Loaded shared library C:\Program Files\JetBrains\IntelliJ IDEA 2024.3.1\jbr\bin\extnet.dll
Event: 0.343 Thread 0x00000275431911a0 Thread added: 0x00000275657eec70
Event: 0.385 Thread 0x00000275657eec70 Thread added: 0x00000275657ed230
Event: 0.395 Thread 0x00000275657eec70 Thread added: 0x00000275657ec510
Event: 0.425 Thread 0x00000275656a4570 Thread added: 0x000002756a23e320


Dynamic libraries:
0x00007ff7b73a0000 - 0x00007ff7b73aa000 	C:\Program Files\JetBrains\IntelliJ IDEA 2024.3.1\jbr\bin\java.exe
0x00007fff5b5e0000 - 0x00007fff5b845000 	C:\WINDOWS\SYSTEM32\ntdll.dll
0x00007fff59e70000 - 0x00007fff59f39000 	C:\WINDOWS\System32\KERNEL32.DLL
0x00007fff58b60000 - 0x00007fff58f48000 	C:\WINDOWS\System32\KERNELBASE.dll
0x00007fff59100000 - 0x00007fff5924b000 	C:\WINDOWS\System32\ucrtbase.dll
0x00007fff54700000 - 0x00007fff54718000 	C:\Program Files\JetBrains\IntelliJ IDEA 2024.3.1\jbr\bin\jli.dll
0x00007fff107f0000 - 0x00007fff1080b000 	C:\Program Files\JetBrains\IntelliJ IDEA 2024.3.1\jbr\bin\VCRUNTIME140.dll
0x00007fff5ad00000 - 0x00007fff5aeca000 	C:\WINDOWS\System32\USER32.dll
0x00007fff58f50000 - 0x00007fff58f77000 	C:\WINDOWS\System32\win32u.dll
0x00007fff597b0000 - 0x00007fff597db000 	C:\WINDOWS\System32\GDI32.dll
0x00007fff58960000 - 0x00007fff58a97000 	C:\WINDOWS\System32\gdi32full.dll
0x00007fff588b0000 - 0x00007fff58953000 	C:\WINDOWS\System32\msvcp_win.dll
0x00007fff3d520000 - 0x00007fff3d7ba000 	C:\WINDOWS\WinSxS\amd64_microsoft.windows.common-controls_6595b64144ccf1df_6.0.26100.4202_none_3e0698d4e335f517\COMCTL32.dll
0x00007fff59cc0000 - 0x00007fff59d69000 	C:\WINDOWS\System32\msvcrt.dll
0x00007fff5a480000 - 0x00007fff5a4b0000 	C:\WINDOWS\System32\IMM32.DLL
0x00007fff2cdd0000 - 0x00007fff2cddc000 	C:\Program Files\JetBrains\IntelliJ IDEA 2024.3.1\jbr\bin\vcruntime140_1.dll
0x00007ffe95cc0000 - 0x00007ffe95d4d000 	C:\Program Files\JetBrains\IntelliJ IDEA 2024.3.1\jbr\bin\msvcp140.dll
0x00007ffe8a250000 - 0x00007ffe8b011000 	C:\Program Files\JetBrains\IntelliJ IDEA 2024.3.1\jbr\bin\server\jvm.dll
0x00007fff59a80000 - 0x00007fff59b33000 	C:\WINDOWS\System32\ADVAPI32.dll
0x00007fff599d0000 - 0x00007fff59a76000 	C:\WINDOWS\System32\sechost.dll
0x00007fff5b3d0000 - 0x00007fff5b4e5000 	C:\WINDOWS\System32\RPCRT4.dll
0x00007fff5ac80000 - 0x00007fff5acf4000 	C:\WINDOWS\System32\WS2_32.dll
0x00007fff57f10000 - 0x00007fff57f6e000 	C:\WINDOWS\SYSTEM32\POWRPROF.dll
0x00007fff4d870000 - 0x00007fff4d8a5000 	C:\WINDOWS\SYSTEM32\WINMM.dll
0x00007fff51fa0000 - 0x00007fff51fab000 	C:\WINDOWS\SYSTEM32\VERSION.dll
0x00007fff57ed0000 - 0x00007fff57ee4000 	C:\WINDOWS\SYSTEM32\UMPDC.dll
0x00007fff574b0000 - 0x00007fff574cb000 	C:\WINDOWS\SYSTEM32\kernel.appcore.dll
0x00007fff15090000 - 0x00007fff1509a000 	C:\Program Files\JetBrains\IntelliJ IDEA 2024.3.1\jbr\bin\jimage.dll
0x00007fff55600000 - 0x00007fff55841000 	C:\WINDOWS\SYSTEM32\DBGHELP.DLL
0x00007fff5a0f0000 - 0x00007fff5a475000 	C:\WINDOWS\System32\combase.dll
0x00007fff598e0000 - 0x00007fff599c1000 	C:\WINDOWS\System32\OLEAUT32.dll
0x00007fff411d0000 - 0x00007fff41209000 	C:\WINDOWS\SYSTEM32\dbgcore.DLL
0x00007fff592e0000 - 0x00007fff59379000 	C:\WINDOWS\System32\bcryptPrimitives.dll
0x00007fff107d0000 - 0x00007fff107f0000 	C:\Program Files\JetBrains\IntelliJ IDEA 2024.3.1\jbr\bin\java.dll
0x00007fff5a530000 - 0x00007fff5ac72000 	C:\WINDOWS\System32\SHELL32.dll
0x00007fff58f80000 - 0x00007fff590f4000 	C:\WINDOWS\System32\wintypes.dll
0x00007fff56370000 - 0x00007fff56bc8000 	C:\WINDOWS\SYSTEM32\windows.storage.dll
0x00007fff597e0000 - 0x00007fff598d1000 	C:\WINDOWS\System32\SHCORE.dll
0x00007fff5a4c0000 - 0x00007fff5a52a000 	C:\WINDOWS\System32\shlwapi.dll
0x00007fff58640000 - 0x00007fff5866f000 	C:\WINDOWS\SYSTEM32\profapi.dll
0x00007fff107b0000 - 0x00007fff107c8000 	C:\Program Files\JetBrains\IntelliJ IDEA 2024.3.1\jbr\bin\zip.dll
0x00007fff107a0000 - 0x00007fff107b0000 	C:\Program Files\JetBrains\IntelliJ IDEA 2024.3.1\jbr\bin\net.dll
0x00007fff51a30000 - 0x00007fff51b4e000 	C:\WINDOWS\SYSTEM32\WINHTTP.dll
0x00007fff57a00000 - 0x00007fff57a6a000 	C:\WINDOWS\system32\mswsock.dll
0x00007fff0e0f0000 - 0x00007fff0e106000 	C:\Program Files\JetBrains\IntelliJ IDEA 2024.3.1\jbr\bin\nio.dll
0x00007fff57e50000 - 0x00007fff57e6b000 	C:\WINDOWS\SYSTEM32\CRYPTSP.dll
0x00007fff57410000 - 0x00007fff5744a000 	C:\WINDOWS\system32\rsaenh.dll
0x00007fff57aa0000 - 0x00007fff57acb000 	C:\WINDOWS\SYSTEM32\USERENV.dll
0x00007fff58610000 - 0x00007fff58636000 	C:\WINDOWS\SYSTEM32\bcrypt.dll
0x00007fff57c40000 - 0x00007fff57c4c000 	C:\WINDOWS\SYSTEM32\CRYPTBASE.dll
0x00007fff56f10000 - 0x00007fff56f43000 	C:\WINDOWS\SYSTEM32\IPHLPAPI.DLL
0x00007fff5b360000 - 0x00007fff5b36a000 	C:\WINDOWS\System32\NSI.dll
0x00007fff0e0e0000 - 0x00007fff0e0ee000 	C:\Program Files\JetBrains\IntelliJ IDEA 2024.3.1\jbr\bin\sunmscapi.dll
0x00007fff58730000 - 0x00007fff588a7000 	C:\WINDOWS\System32\CRYPT32.dll
0x00007fff58050000 - 0x00007fff58080000 	C:\WINDOWS\SYSTEM32\ncrypt.dll
0x00007fff58000000 - 0x00007fff5803f000 	C:\WINDOWS\SYSTEM32\NTASN1.dll
0x00007fff16480000 - 0x00007fff16488000 	C:\WINDOWS\system32\wshunix.dll
0x00007fff0e0c0000 - 0x00007fff0e0c9000 	C:\Program Files\JetBrains\IntelliJ IDEA 2024.3.1\jbr\bin\extnet.dll

dbghelp: loaded successfully - version: 4.0.5 - missing functions: none
symbol engine: initialized successfully - sym options: 0x614 - pdb path: .;C:\Program Files\JetBrains\IntelliJ IDEA 2024.3.1\jbr\bin;C:\WINDOWS\SYSTEM32;C:\WINDOWS\WinSxS\amd64_microsoft.windows.common-controls_6595b64144ccf1df_6.0.26100.4202_none_3e0698d4e335f517;C:\Program Files\JetBrains\IntelliJ IDEA 2024.3.1\jbr\bin\server

VM Arguments:
java_command: git4idea.http.GitAskPassApp Username for 'https://github.com': 
java_class_path (initial): C:/Program Files/JetBrains/IntelliJ IDEA 2024.3.1/plugins/vcs-git/lib/git4idea-rt.jar;C:/Program Files/JetBrains/IntelliJ IDEA 2024.3.1/lib/externalProcess-rt.jar
Launcher Type: SUN_STANDARD

[Global flags]
     intx CICompilerCount                          = 4                                         {product} {ergonomic}
     uint ConcGCThreads                            = 3                                         {product} {ergonomic}
     uint G1ConcRefinementThreads                  = 10                                        {product} {ergonomic}
   size_t G1HeapRegionSize                         = 4194304                                   {product} {ergonomic}
    uintx GCDrainStackTargetSize                   = 64                                        {product} {ergonomic}
   size_t InitialHeapSize                          = 536870912                                 {product} {ergonomic}
   size_t MarkStackSize                            = 4194304                                   {product} {ergonomic}
   size_t MaxHeapSize                              = 8573157376                                {product} {ergonomic}
   size_t MaxNewSize                               = 5142216704                                {product} {ergonomic}
   size_t MinHeapDeltaBytes                        = 4194304                                   {product} {ergonomic}
   size_t MinHeapSize                              = 8388608                                   {product} {ergonomic}
    uintx NonNMethodCodeHeapSize                   = 5839372                                {pd product} {ergonomic}
    uintx NonProfiledCodeHeapSize                  = 122909434                              {pd product} {ergonomic}
    uintx ProfiledCodeHeapSize                     = 122909434                              {pd product} {ergonomic}
    uintx ReservedCodeCacheSize                    = 251658240                              {pd product} {ergonomic}
     bool SegmentedCodeCache                       = true                                      {product} {ergonomic}
   size_t SoftMaxHeapSize                          = 8573157376                             {manageable} {ergonomic}
     bool UseCompressedOops                        = true                           {product lp64_product} {ergonomic}
     bool UseG1GC                                  = true                                      {product} {ergonomic}
     bool UseLargePagesIndividualAllocation        = false                                  {pd product} {ergonomic}

Logging:
Log output configuration:
 #0: stdout all=warning uptime,level,tags foldmultilines=false
 #1: stderr all=off uptime,level,tags foldmultilines=false

Environment Variables:
JAVA_HOME=C:\Scoop\apps\temurin8-jdk\current
PATH=C:\Program Files\Git\mingw64\libexec\git-core;C:\Program Files\Git\mingw64\libexec\git-core;C:\Program Files\Git\mingw64\bin;C:\Program Files\Git\usr\bin;C:\Users\Xetia\bin;C:\Users\Xetia\AppData\Local\Programs\cursor\resources\app\bin;C:\Program Files\Google\Chrome\Application;C:\Program Files\Java\jdk-17\bin;C:\app\Xetia\product\21c\dbhomeXE\bin;C:\Program Files\Java\jdk-11.0.9\bin;C:\Program Files (x86)\NAT Service;C:\Program Files\Common Files\Oracle\Java\javapath;C:\WINDOWS\system32;C:\WINDOWS;C:\WINDOWS\System32\Wbem;C:\WINDOWS\System32\WindowsPowerShell\v1.0;C:\WINDOWS\System32\OpenSSH;C:\Program Files (x86)\NVIDIA Corporation\PhysX\Common;C:\Program Files\dotnet;C:\Program Files\Microsoft SQL Server\150\Tools\Binn;C:\Program Files\Microsoft SQL Server\Client SDK\ODBC\170\Tools\Binn;C:\Program Files (x86)\Windows Kits\10\Windows Performance Toolkit;C:\Users\Xetia\AppData\Local\Android\Sdk\platform-tools;C:\Program Files\Bandizip;C:\Program Files\Docker\Docker\resources\bin;C:\Program Files\Git\cmd;C:\Users\Xetia\Downloads\nginx-1.24.0;C:\Program Files\NVIDIA Corporation\NVIDIA app\NvDLISR;C:\Program Files\nodejs;C:\Scoop\apps\temurin8-jdk\current\bin;C:\Scoop\shi;C:\Scoop\apps\temurin8-jdk\current\bin;C:\Scoop\shims;C:\Users\Xetia\AppData\Local\Programs\Python\Python312\Scripts;C:\Users\Xetia\AppData\Local\Programs\Python\Python312;C:\Users\Xetia\AppData\Local\Programs\Python\Launcher;C:\Users\Xetia\AppData\Local\Microsoft\WindowsApps;C:\Users\Xetia\AppData\Local\Programs\Microsoft VS Code\bin;C:\Users\Xetia\AppData\Local\GitHubDesktop\bin;C:\Users\Xetia\.dotnet\tools;C:\Program Files\JetBrains\WebStorm 2024.2.3\bin;C:\Program Files\JetBrains\PyCharm 2024.2.3\bin;C:\Program Files\JetBrains\IntelliJ IDEA 2025.1.1.1\bin;C:\Users\Xetia\AppData\Roaming\npm;C:\Program Files\JetBrains\PyCharm Community Edition 2024.3.5\bin;C:\Users\Xetia\AppData\Local\Programs\cursor\resources\app\bin
USERNAME=Xetia
DISPLAY=:0.0
LC_ALL=en_US.UTF-8
TERM=xterm-256color
TMPDIR=C:\Users\Xetia\AppData\Local\Temp
OS=Windows_NT
PROCESSOR_IDENTIFIER=AMD64 Family 25 Model 33 Stepping 2, AuthenticAMD
TMP=C:\Users\Xetia\AppData\Local\Temp
TEMP=C:\Users\Xetia\AppData\Local\Temp




Periodic native trim disabled

JNI global refs:
JNI global refs: 21, weak refs: 0

JNI global refs memory usage: 835, weak refs: 201

Process memory usage:
Resident Set Size: 90860K (0% of 33475984K total physical memory with 2908888K free physical memory)

OOME stack traces (most recent first):
Classloader memory used:
Loader bootstrap                                                                       : 7291K
Loader jdk.internal.loader.ClassLoaders$PlatformClassLoader                            : 1906K
Loader jdk.internal.loader.ClassLoaders$AppClassLoader                                 : 16448B

---------------  S Y S T E M  ---------------

OS:
 Windows 11 , 64 bit Build 26100 (10.0.26100.4202)
OS uptime: 3 days 10:28 hours
Hyper-V role detected

CPU: total 12 (initial active 12) (12 cores per cpu, 2 threads per core) family 25 model 33 stepping 2 microcode 0xa20120e, cx8, cmov, fxsr, ht, mmx, 3dnowpref, sse, sse2, sse3, ssse3, sse4a, sse4.1, sse4.2, popcnt, lzcnt, tsc, tscinvbit, avx, avx2, aes, clmul, bmi1, bmi2, adx, sha, fma, vzeroupper, clflush, clflushopt, hv, rdtscp, rdpid, f16c, cet_ss
Processor Information for all 12 processors :
  Max Mhz: 3701, Current Mhz: 3701, Mhz Limit: 3701

Memory: 4k page, system-wide physical 32691M (2841M free)
TotalPageFile size 62498M (AvailPageFile size 57M)
current process WorkingSet (physical memory assigned to process): 88M, peak: 90M
current process commit charge ("private bytes"): 632M, peak: 634M

vm_info: OpenJDK 64-Bit Server VM (21.0.5+8-b631.28) for windows-amd64 JRE (21.0.5+8-b631.28), built on 2024-11-23 by "builduser" with MS VC++ 16.10 / 16.11 (VS2019)

END.
